[001] permutation_match(solver=dense) dense-input shape=(18524, 18524) ...
[001] permutation_match(solver=dense) done in 7.961s
[002] permutation_match(solver=dense) dense-input shape=(18524, 18524) ...
[002] permutation_match(solver=dense) done in 7.340s
[003] permutation_match(solver=dense) dense-input shape=(18524, 18524) ...
[003] permutation_match(solver=dense) done in 9.261s
[004] permutation_match(solver=dense) dense-input shape=(18524, 18524) ...
[004] permutation_match(solver=dense) done in 9.581s
[005] permutation_match(solver=dense) dense-input shape=(18524, 18524) ...
[005] permutation_match(solver=dense) done in 9.343s
[006] permutation_match(solver=dense) dense-input shape=(18524, 18524) ...
[006] permutation_match(solver=dense) done in 9.875s
[007] permutation_match(solver=dense) dense-input shape=(18524, 18524) ...
[007] permutation_match(solver=dense) done in 9.675s
[008] permutation_match(solver=dense) dense-input shape=(18524, 18524) ...
[008] permutation_match(solver=dense) done in 10.204s
[009] permutation_match(solver=dense) dense-input shape=(18524, 18524) ...
[009] permutation_match(solver=dense) done in 10.163s
[010] permutation_match(solver=dense) dense-input shape=(18524, 18524) ...
[010] permutation_match(solver=dense) done in 9.392s
[011] permutation_match(solver=sparse) sparse-input nnz=29696 distinct_values=759 ...
[011] permutation_match(solver=sparse) done in 0.004s
[012] permutation_match(solver=dense) dense-input shape=(18524, 18524) ...
[012] permutation_match(solver=dense) done in 6.878s
[013] permutation_match(solver=dense) dense-input shape=(18524, 18524) ...
[013] permutation_match(solver=dense) done in 9.217s
[014] permutation_match(solver=dense) dense-input shape=(18524, 18524) ...
[014] permutation_match(solver=dense) done in 9.632s
[015] permutation_match(solver=dense) dense-input shape=(18524, 18524) ...
[015] permutation_match(solver=dense) done in 9.271s
[016] permutation_match(solver=dense) dense-input shape=(18524, 18524) ...
[016] permutation_match(solver=dense) done in 10.138s
[017] permutation_match(solver=dense) dense-input shape=(18524, 18524) ...
[017] permutation_match(solver=dense) done in 9.916s
[018] permutation_match(solver=dense) dense-input shape=(18524, 18524) ...
[018] permutation_match(solver=dense) done in 10.417s
[019] permutation_match(solver=dense) dense-input shape=(18524, 18524) ...
[019] permutation_match(solver=dense) done in 10.110s
[020] permutation_match(solver=dense) dense-input shape=(18524, 18524) ...
[020] permutation_match(solver=dense) done in 9.853s
[021] permutation_match(solver=dense) dense-input shape=(18524, 18524) ...
[021] permutation_match(solver=dense) done in 9.996s
[022] permutation_match(solver=sparse) sparse-input nnz=25443 distinct_values=1034 ...
[022] permutation_match(solver=sparse) done in 0.004s
[023] permutation_match(solver=dense) dense-input shape=(18524, 18524) ...
[023] permutation_match(solver=dense) done in 6.934s
[024] permutation_match(solver=dense) dense-input shape=(18524, 18524) ...
[024] permutation_match(solver=dense) done in 9.249s
[025] permutation_match(solver=dense) dense-input shape=(18524, 18524) ...
[025] permutation_match(solver=dense) done in 9.498s
[026] permutation_match(solver=dense) dense-input shape=(18524, 18524) ...
[026] permutation_match(solver=dense) done in 9.501s
[027] permutation_match(solver=dense) dense-input shape=(18524, 18524) ...
[027] permutation_match(solver=dense) done in 9.896s
[028] permutation_match(solver=dense) dense-input shape=(18524, 18524) ...
[028] permutation_match(solver=dense) done in 9.872s
[029] permutation_match(solver=dense) dense-input shape=(18524, 18524) ...
[029] permutation_match(solver=dense) done in 9.652s
[030] permutation_match(solver=dense) dense-input shape=(18524, 18524) ...
[030] permutation_match(solver=dense) done in 10.373s
[031] permutation_match(solver=dense) dense-input shape=(18524, 18524) ...
[031] permutation_match(solver=dense) done in 9.958s
[032] permutation_match(solver=dense) dense-input shape=(18524, 18524) ...
[032] permutation_match(solver=dense) done in 10.294s
[033] permutation_match(solver=sparse) sparse-input nnz=25325 distinct_values=1010 ...
[033] permutation_match(solver=sparse) done in 0.002s
[034] permutation_match(solver=dense) dense-input shape=(18524, 18524) ...
[034] permutation_match(solver=dense) done in 6.760s
[035] permutation_match(solver=dense) dense-input shape=(18524, 18524) ...
[035] permutation_match(solver=dense) done in 9.148s
[036] permutation_match(solver=dense) dense-input shape=(18524, 18524) ...
[036] permutation_match(solver=dense) done in 9.442s
[037] permutation_match(solver=dense) dense-input shape=(18524, 18524) ...
[037] permutation_match(solver=dense) done in 9.386s
[038] permutation_match(solver=dense) dense-input shape=(18524, 18524) ...
[038] permutation_match(solver=dense) done in 9.927s
[039] permutation_match(solver=dense) dense-input shape=(18524, 18524) ...
[039] permutation_match(solver=dense) done in 9.751s
[040] permutation_match(solver=dense) dense-input shape=(18524, 18524) ...
[040] permutation_match(solver=dense) done in 10.314s
[041] permutation_match(solver=dense) dense-input shape=(18524, 18524) ...
[041] permutation_match(solver=dense) done in 9.995s
[042] permutation_match(solver=dense) dense-input shape=(18524, 18524) ...
[042] permutation_match(solver=dense) done in 10.185s
[043] permutation_match(solver=dense) dense-input shape=(18524, 18524) ...
[043] permutation_match(solver=dense) done in 10.404s
[044] permutation_match(solver=sparse) sparse-input nnz=25239 distinct_values=1027 ...
[044] permutation_match(solver=sparse) done in 0.002s
[045] permutation_match(solver=dense) dense-input shape=(18524, 18524) ...
[045] permutation_match(solver=dense) done in 6.764s
[046] permutation_match(solver=dense) dense-input shape=(18524, 18524) ...
[046] permutation_match(solver=dense) done in 9.299s
[047] permutation_match(solver=dense) dense-input shape=(18524, 18524) ...
[047] permutation_match(solver=dense) done in 9.055s
[048] permutation_match(solver=dense) dense-input shape=(18524, 18524) ...
[048] permutation_match(solver=dense) done in 10.058s
[049] permutation_match(solver=dense) dense-input shape=(18524, 18524) ...
[049] permutation_match(solver=dense) done in 9.776s
[050] permutation_match(solver=dense) dense-input shape=(18524, 18524) ...
[050] permutation_match(solver=dense) done in 9.942s
[051] permutation_match(solver=dense) dense-input shape=(18524, 18524) ...
[051] permutation_match(solver=dense) done in 9.840s
[052] permutation_match(solver=dense) dense-input shape=(18524, 18524) ...
[052] permutation_match(solver=dense) done in 10.295s
[053] permutation_match(solver=dense) dense-input shape=(18524, 18524) ...
[053] permutation_match(solver=dense) done in 10.551s
[054] permutation_match(solver=dense) dense-input shape=(18524, 18524) ...
[054] permutation_match(solver=dense) done in 10.951s
[055] permutation_match(solver=sparse) sparse-input nnz=25183 distinct_values=1009 ...
[055] permutation_match(solver=sparse) done in 0.002s
total=1138.24s score=5852589
