% Options: outer=5  fw=10  fw_first=10  max_swap=unlimited  greedy_inner=unlimited  swap_beam_k=0  swap_d_min_ratio=0  swap_stale_shrink=0  no_warm_start=0  warm_csv=vnc_matching_submission_benchmark_5154247.csv  fw_adapt=0  fw_traj_div_scale=0 fw_traj_div_seed=1  paired_shuffle_seed=0  fw_ensemble_k=0  fw_ensemble_seed_base=1  save_ckpt=0  save_ckpt_fw=0  (fw_first = fw)
% Loading connectomes ... 0.0 sec.
% Initializing from warm start vnc_matching_submission_benchmark_5154247.csv
Iteration 1/5  (Frank–Wolfe steps this iteration: 10)
%
% Frank-Wolfe updates:
%  iter    vertex   simplex   tMin   tMatch
     00   0003073   0003073   00.0   00.0
     01   0003073   0003483   00.0   00.0
     02   0002972   0003545   00.0   00.0
     03   0003231   0003592   00.0   00.0
     04   0003214   0003621   00.0   00.0
     05   0003316   0003639   00.0   00.0
     06   0003321   0003656   00.0   00.0
     07   0003340   0003671   00.0   00.0
     08   0003335   0003685   00.0   00.0
     09   0003349   0003693   00.0   00.0
     10   0003338   0003702   00.0   00.0
%
% Pairwise swaps:
%  iter     score  acc rej prb ilop  str tn stl   dmin    bk kEff  ratio   bsz fbf  tMin tMatch      dMax
%           (acc=accepts rej=probes-acc prb=inner trials str=streak@make_swaps tn=tighten stl=stale_shrink dmin=swap_d_min_ratio bk=beam_k kEff/ratio/bsz/fbf=beam; dMax after evaluate_swaps)
    000   0003338    0    0    0     0    0  0   0  0.0000     0    0  0.0000     0   0  00.0   0            27
    001   0003492   44  135  179   180    0  0   0  0.0000     0    0  0.0000     0   0  00.0   0             4
    002   0003520   17   35   52    53    0  0   0  0.0000     0    0  0.0000     0   0  00.0   0             2
    003   0003525    4    1    5     6    0  0   0  0.0000     0    0  0.0000     0   0  00.0   0             1
    004   0003527    2    0    2     3    0  0   0  0.0000     0    0  0.0000     0   0  00.0   0             4
    005   0003531    1    0    1     2    0  0   0  0.0000     0    0  0.0000     0   0  00.0   0             0
    006   0003531    0    0    0     0    0  0   0  0.0000     0    0  0.0000     0   0  00.0   0             0
Iteration 2/5  (Frank–Wolfe steps this iteration: 10)
%
% Frank-Wolfe updates:
%  iter    vertex   simplex   tMin   tMatch
     00   0003531   0003531   00.0   00.0
     01   0003531   0003766   00.0   00.0
     02   0003531   0003794   00.0   00.0
     03   0003531   0003805   00.0   00.0
     04   0003512   0003810   00.0   00.0
     05   0003515   0003814   00.0   00.0
     06   0003516   0003815   00.0   00.0
     07   0003517   0003817   00.0   00.0
     08   0003511   0003818   00.0   00.0
     09   0003510   0003819   00.0   00.0
     10   0003503   0003820   00.0   00.0
%
% Pairwise swaps:
%  iter     score  acc rej prb ilop  str tn stl   dmin    bk kEff  ratio   bsz fbf  tMin tMatch      dMax
%           (acc=accepts rej=probes-acc prb=inner trials str=streak@make_swaps tn=tighten stl=stale_shrink dmin=swap_d_min_ratio bk=beam_k kEff/ratio/bsz/fbf=beam; dMax after evaluate_swaps)
    000   0003503    0    0    0     0    0  0   0  0.0000     0    0  0.0000     0   0  00.0   0             6
    001   0003529   11   18   29    30    0  0   0  0.0000     0    0  0.0000     0   0  00.0   0             7
    002   0003541    4    2    6     7    0  0   0  0.0000     0    0  0.0000     0   0  00.0   0             1
    003   0003542    1    1    2     3    0  0   0  0.0000     0    0  0.0000     0   0  00.0   0             1
    004   0003543    1    0    1     2    0  0   0  0.0000     0    0  0.0000     0   0  00.0   0             0
    005   0003543    0    0    0     0    0  0   0  0.0000     0    0  0.0000     0   0  00.0   0             0
Iteration 3/5  (Frank–Wolfe steps this iteration: 10)
%
% Frank-Wolfe updates:
%  iter    vertex   simplex   tMin   tMatch
     00   0003543   0003543   00.0   00.0
     01   0003543   0003779   00.0   00.0
     02   0003543   0003807   00.0   00.0
     03   0003543   0003817   00.0   00.0
     04   0003535   0003822   00.0   00.0
     05   0003539   0003825   00.0   00.0
     06   0003535   0003826   00.0   00.0
     07   0003539   0003828   00.0   00.0
     08   0003535   0003828   00.0   00.0
     09   0003539   0003829   00.0   00.0
     10   0003535   0003830   00.0   00.0
%
% Pairwise swaps:
%  iter     score  acc rej prb ilop  str tn stl   dmin    bk kEff  ratio   bsz fbf  tMin tMatch      dMax
%           (acc=accepts rej=probes-acc prb=inner trials str=streak@make_swaps tn=tighten stl=stale_shrink dmin=swap_d_min_ratio bk=beam_k kEff/ratio/bsz/fbf=beam; dMax after evaluate_swaps)
    000   0003535    0    0    0     0    0  0   0  0.0000     0    0  0.0000     0   0  00.0   0             4
    001   0003543    3    1    4     5    0  0   0  0.0000     0    0  0.0000     0   0  00.0   0             0
    002   0003543    0    0    0     0    0  0   0  0.0000     0    0  0.0000     0   0  00.0   0             0
Iteration 4/5  (Frank–Wolfe steps this iteration: 10)
%
% Frank-Wolfe updates:
%  iter    vertex   simplex   tMin   tMatch
     00   0003543   0003543   00.0   00.0
     01   0003543   0003779   00.0   00.0
     02   0003543   0003806   00.0   00.0
     03   0003543   0003816   00.0   00.0
     04   0003530   0003821   00.0   00.0
     05   0003540   0003824   00.0   00.0
     06   0003536   0003826   00.0   00.0
     07   0003539   0003827   00.0   00.0
     08   0003535   0003828   00.0   00.0
     09   0003539   0003829   00.0   00.0
     10   0003535   0003830   00.0   00.0
%
% Pairwise swaps:
%  iter     score  acc rej prb ilop  str tn stl   dmin    bk kEff  ratio   bsz fbf  tMin tMatch      dMax
%           (acc=accepts rej=probes-acc prb=inner trials str=streak@make_swaps tn=tighten stl=stale_shrink dmin=swap_d_min_ratio bk=beam_k kEff/ratio/bsz/fbf=beam; dMax after evaluate_swaps)
    000   0003535    0    0    0     0    0  0   0  0.0000     0    0  0.0000     0   0  00.0   0             4
    001   0003543    3    1    4     5    0  0   0  0.0000     0    0  0.0000     0   0  00.0   0             0
    002   0003543    0    0    0     0    0  0   0  0.0000     0    0  0.0000     0   0  00.0   0             0
Iteration 5/5  (Frank–Wolfe steps this iteration: 10)
%
% Frank-Wolfe updates:
%  iter    vertex   simplex   tMin   tMatch
     00   0003543   0003543   00.0   00.0
     01   0003543   0003779   00.0   00.0
     02   0003543   0003807   00.0   00.0
     03   0003543   0003816   00.0   00.0
     04   0003535   0003822   00.0   00.0
     05   0003539   0003825   00.0   00.0
     06   0003536   0003826   00.0   00.0
     07   0003539   0003827   00.0   00.0
     08   0003535   0003829   00.0   00.0
     09   0003539   0003829   00.0   00.0
     10   0003535   0003830   00.0   00.0
%
% Pairwise swaps:
%  iter     score  acc rej prb ilop  str tn stl   dmin    bk kEff  ratio   bsz fbf  tMin tMatch      dMax
%           (acc=accepts rej=probes-acc prb=inner trials str=streak@make_swaps tn=tighten stl=stale_shrink dmin=swap_d_min_ratio bk=beam_k kEff/ratio/bsz/fbf=beam; dMax after evaluate_swaps)
    000   0003535    0    0    0     0    0  0   0  0.0000     0    0  0.0000     0   0  00.0   0             4
    001   0003543    3    1    4     5    0  0   0  0.0000     0    0  0.0000     0   0  00.0   0             0
    002   0003543    0    0    0     0    0  0   0  0.0000     0    0  0.0000     0   0  00.0   0             0
%
% Total elapsed time is 0.0 minutes.

[profile] ===== Timing Summary =====
[profile] scope                                       count     total(s)      avg(ms)      max(ms)
[profile] main_acdc.iteration.frank_wolfe                 5        0.204       40.796       41.884
[profile] frank_wolfe.total                               5        0.204       40.795       41.884
[profile] compute_gradient.total                        117        0.141        1.203        1.765
[profile] compute_gradient.accumulate                   117        0.089        0.760        1.320
[profile] frank_wolfe.iter.match_direction               50        0.066        1.315        1.699
[profile] permutation_match.warm.total                   50        0.066        1.314        1.699
[profile] frank_wolfe.iter.compute_gradient              50        0.061        1.228        1.765
[profile] frank_wolfe.iter.compute_gradient_q            50        0.059        1.175        1.696
[profile] main_acdc.iteration.greedy_search               5        0.058       11.697       30.956
[profile] greedy_search.total                             5        0.058       11.697       30.956
[profile] compute_gradient.merge                        117        0.050        0.429        0.610
[profile] permutation_match.warm.solve                   50        0.047        0.940        1.356
[profile] permutation_match.warm.exact_lapjv.total       50        0.036        0.720        0.999
[profile] permutation_match.assignment.augment           50        0.036        0.719        0.997
[profile] greedy_search.evaluate_swaps                   17        0.030        1.782        2.545
[profile] evaluate_swaps.total                           17        0.030        1.782        2.545
[profile] greedy_search.make_swaps                       12        0.027        2.275       13.356
[profile] make_swaps.total                               12        0.027        2.274       13.356
[profile] make_swaps.fast.body.total                     12        0.027        2.273       13.355
[profile] make_swaps.fast.inner_while.total              12        0.023        1.893       12.926
[profile] evaluate_swaps.gradient                        17        0.021        1.215        1.758
[profile] make_swaps.fast.find_best                     301        0.017        0.056        0.082
[profile] permutation_match.warm.permute                 50        0.012        0.237        0.337
[profile] compute_score.total                            61        0.010        0.162        0.522
[profile] frank_wolfe.iter.compute_score_pm              50        0.008        0.160        0.252
[profile] compute_score.sparse_reduce                    73        0.007        0.103        0.482
[profile] permutation_match.warm.diagonal_adjust         50        0.006        0.127        0.157
[profile] make_swaps.fast.refresh_ap_pb                  94        0.004        0.046        0.115
[profile] evaluate_swaps.stream_D_perm                   17        0.004        0.242        0.470
[profile] evaluate_swaps.stream_D_perm.fill              17        0.003        0.205        0.427
[profile] evaluate_swaps.quadratic_prep                  17        0.003        0.199        0.229
[profile] compute_score.permutation_products             61        0.003        0.054        0.129
[profile] permutation_match.warm.to_cost                 50        0.003        0.060        0.100
[profile] evaluate_swaps.quadratic_prep.csr              17        0.003        0.157        0.182
[profile] permutation_match.cold.total                   55        0.002        0.043        0.068
[profile] frank_wolfe.iter.project_match                 50        0.002        0.046        0.068
[profile] permutation_match.cold.solve                   55        0.002        0.040        0.060
[profile] make_swaps.fast.initial_csr.total              12        0.002        0.166        0.192
[profile] permutation_match.assignment.sort_sparse_edges       55        0.002        0.035        0.053
[profile] make_swaps.fast.initial_ap_pb.total            12        0.002        0.139        0.214
[profile] compute_gradient.transpose                    117        0.001        0.010        0.034
[profile] frank_wolfe.initial_score                       5        0.001        0.208        0.523
[profile] make_swaps.fast.swap_score                    289        0.001        0.003        0.015
[profile] main_acdc.load_connectomes                      1        0.001        0.753        0.753
[profile] read_connectome.total                           2        0.001        0.373        0.427
[profile] greedy_search.initial_score                     5        0.001        0.138        0.199
[profile] read_connectome.parse_csv                       2        0.001        0.341        0.390
[profile] evaluate_swaps.max_scan                        17        0.001        0.036        0.042
[profile] evaluate_swaps.quadratic_prep.bp               17        0.001        0.034        0.047
[profile] frank_wolfe.iter.step_numer                    50        0.000        0.009        0.020
[profile] frank_wolfe.iter.update_ps                     50        0.000        0.009        0.017
[profile] make_swaps.fast.build_swapped_sparse           94        0.000        0.005        0.012
[profile] main_acdc.save_solution                         1        0.000        0.303        0.303
[profile] save_solution.total                             1        0.000        0.301        0.301
[profile] frank_wolfe.iter.interpolate                   50        0.000        0.005        0.013
[profile] permutation_match.warm.unpermute               50        0.000        0.005        0.013
[profile] main_acdc.final_score                           1        0.000        0.147        0.147
[profile] frank_wolfe.iter.compute_score_ps              50        0.000        0.003        0.004
[profile] permutation_match.assignment.collect_sparse_edges       55        0.000        0.002        0.004
[profile] frank_wolfe.initial_match                       5        0.000        0.018        0.021
[profile] save_solution.write_rows                        1        0.000        0.073        0.073
[profile] main_acdc.load_solution                         1        0.000        0.064        0.064
[profile] read_solution.total                             1        0.000        0.063        0.063
[profile] permutation_match.assignment.greedy_sparse_match       55        0.000        0.001        0.002
[profile] read_solution.parse_pairs                       1        0.000        0.052        0.052
[profile] permutation_match.warm.to_dense                50        0.000        0.001        0.004
[profile] read_connectome.build_sparse                    2        0.000        0.018        0.020
[profile] permutation_match.assignment.complete_zero_pairs       55        0.000        0.000        0.005
[profile] evaluate_swaps.linear_reduce                   17        0.000        0.001        0.003
[profile] permutation_match.assignment.extract           50        0.000        0.000        0.000
[profile] main_acdc.ensure_size                           1        0.000        0.002        0.002
[profile] read_solution.build_sparse                      1        0.000        0.002        0.002
[profile] ensure_size.total                               3        0.000        0.000        0.001
[profile] paired_unshuffle_permutation.total              1        0.000        0.001        0.001
[profile] read_solution.build_triplets                    1        0.000        0.001        0.001
[profile] evaluate_swaps.stream_D_perm.resize_D          17        0.000        0.000        0.000
[profile] frank_wolfe.iter.compute_step                  50        0.000        0.000        0.000
[profile] ============================
