% Options: outer=5  fw=10  fw_first=10  max_swap=unlimited  greedy_inner=unlimited  swap_beam_k=0  swap_d_min_ratio=0  swap_stale_shrink=0  no_warm_start=0  warm_csv=vnc_matching_submission_benchmark_5154247.csv  fw_adapt=0  fw_traj_div_scale=0 fw_traj_div_seed=1  paired_shuffle_seed=0  fw_ensemble_k=0  fw_ensemble_seed_base=1  save_ckpt=0  save_ckpt_fw=0  (fw_first = fw)
% Loading connectomes ... 0.2 sec.
% Initializing from warm start vnc_matching_submission_benchmark_5154247.csv
Iteration 1/5  (Frank–Wolfe steps this iteration: 10)
%
% Frank-Wolfe updates:
%  iter    vertex   simplex   tMin   tMatch
     00   0966633   0966633   00.0   00.0
     01   1039641   1017772   00.0   01.0
     02   1043655   1050064   00.0   01.0
     03   1052344   1053372   00.1   01.2
     04   1048303   1055199   00.1   01.2
     05   1053074   1056268   00.1   01.2
     06   1051169   1056994   00.2   01.2
     07   1053925   1057517   00.2   01.2
     08   1052299   1057901   00.2   01.2
     09   1054106   1058198   00.2   01.2
     10   1053329   1058418   00.3   01.2
%
% Pairwise swaps:
%  iter     score  acc rej prb ilop  str tn stl   dmin    bk kEff  ratio   bsz fbf  tMin tMatch      dMax
%           (acc=accepts rej=probes-acc prb=inner trials str=streak@make_swaps tn=tighten stl=stale_shrink dmin=swap_d_min_ratio bk=beam_k kEff/ratio/bsz/fbf=beam; dMax after evaluate_swaps)
    000   1053329    0    0    0     0    0  0   0  0.0000     0    0  0.0000     0   0  00.0   0           262
    001   1056459  259 1487 1746  1747    0  0   0  0.0000     0    0  0.0000     0   0  00.4   0            41
    002   1056921   77  164  241   242    0  0   0  0.0000     0    0  0.0000     0   0  00.4   0            18
    003   1057035   32   45   77    78    0  0   0  0.0000     0    0  0.0000     0   0  00.5   0             8
    004   1057096   19    8   27    28    0  0   0  0.0000     0    0  0.0000     0   0  00.5   0            15
    005   1057122    7    3   10    11    0  0   0  0.0000     0    0  0.0000     0   0  00.5   0             1
    006   1057123    1    0    1     2    0  0   0  0.0000     0    0  0.0000     0   0  00.5   0             0
    007   1057123    0    0    0     0    0  0   0  0.0000     0    0  0.0000     0   0  00.5   0             0
Iteration 2/5  (Frank–Wolfe steps this iteration: 10)
%
% Frank-Wolfe updates:
%  iter    vertex   simplex   tMin   tMatch
     00   1057123   1057123   00.0   00.0
     01   1057123   1058798   00.0   01.1
     02   1057123   1059134   00.1   01.3
     03   1055331   1059269   00.1   01.4
     04   1056134   1059352   00.1   01.3
     05   1055534   1059407   00.1   01.4
     06   1055871   1059449   00.2   01.2
     07   1055337   1059482   00.2   01.3
     08   1055930   1059510   00.2   01.5
     09   1055861   1059532   00.3   01.3
     10   1055949   1059552   00.3   01.3
%
% Pairwise swaps:
%  iter     score  acc rej prb ilop  str tn stl   dmin    bk kEff  ratio   bsz fbf  tMin tMatch      dMax
%           (acc=accepts rej=probes-acc prb=inner trials str=streak@make_swaps tn=tighten stl=stale_shrink dmin=swap_d_min_ratio bk=beam_k kEff/ratio/bsz/fbf=beam; dMax after evaluate_swaps)
    000   1055949    0    0    0     0    0  0   0  0.0000     0    0  0.0000     0   0  00.0   0           191
    001   1057207   85  779  864   865    0  0   0  0.0000     0    0  0.0000     0   0  00.2   0            24
    002   1057398   36  103  139   140    0  0   0  0.0000     0    0  0.0000     0   0  00.2   0            28
    003   1057502   17   19   36    37    0  0   0  0.0000     0    0  0.0000     0   0  00.2   0            23
    004   1057542    7    3   10    11    0  0   0  0.0000     0    0  0.0000     0   0  00.3   0             1
    005   1057543    1    0    1     2    0  0   0  0.0000     0    0  0.0000     0   0  00.3   0             0
    006   1057543    0    0    0     0    0  0   0  0.0000     0    0  0.0000     0   0  00.3   0             0
Iteration 3/5  (Frank–Wolfe steps this iteration: 10)
%
% Frank-Wolfe updates:
%  iter    vertex   simplex   tMin   tMatch
     00   1057543   1057543   00.0   00.0
     01   1057543   1059157   00.0   01.1
     02   1057543   1059453   00.1   01.2
     03   1055900   1059554   00.1   01.4
     04   1056669   1059614   00.1   01.2
     05   1056116   1059655   00.1   01.3
     06   1056683   1059680   00.2   01.3
     07   1056433   1059700   00.2   01.2
     08   1056738   1059716   00.2   01.4
     09   1056473   1059729   00.3   01.3
     10   1056635   1059740   00.3   01.3
%
% Pairwise swaps:
%  iter     score  acc rej prb ilop  str tn stl   dmin    bk kEff  ratio   bsz fbf  tMin tMatch      dMax
%           (acc=accepts rej=probes-acc prb=inner trials str=streak@make_swaps tn=tighten stl=stale_shrink dmin=swap_d_min_ratio bk=beam_k kEff/ratio/bsz/fbf=beam; dMax after evaluate_swaps)
    000   1056635    0    0    0     0    0  0   0  0.0000     0    0  0.0000     0   0  00.0   0            80
    001   1057479   61  483  544   545    0  0   0  0.0000     0    0  0.0000     0   0  00.1   0            22
    002   1057586   21   39   60    61    0  0   0  0.0000     0    0  0.0000     0   0  00.2   0            10
    003   1057615    9    5   14    15    0  0   0  0.0000     0    0  0.0000     0   0  00.2   0             9
    004   1057632    4    0    4     5    0  0   0  0.0000     0    0  0.0000     0   0  00.2   0             0
    005   1057632    0    0    0     0    0  0   0  0.0000     0    0  0.0000     0   0  00.2   0             0
Iteration 4/5  (Frank–Wolfe steps this iteration: 10)
%
% Frank-Wolfe updates:
%  iter    vertex   simplex   tMin   tMatch
     00   1057632   1057632   00.0   00.0
     01   1057632   1059233   00.0   01.4
     02   1057632   1059506   00.1   01.6
     03   1056477   1059607   00.1   01.4
     04   1056933   1059663   00.1   01.5
     05   1056270   1059697   00.2   01.5
     06   1056856   1059720   00.2   01.4
     07   1056566   1059738   00.2   01.3
     08   1056834   1059754   00.2   01.3
     09   1056658   1059766   00.3   01.4
     10   1056648   1059776   00.3   01.5
%
% Pairwise swaps:
%  iter     score  acc rej prb ilop  str tn stl   dmin    bk kEff  ratio   bsz fbf  tMin tMatch      dMax
%           (acc=accepts rej=probes-acc prb=inner trials str=streak@make_swaps tn=tighten stl=stale_shrink dmin=swap_d_min_ratio bk=beam_k kEff/ratio/bsz/fbf=beam; dMax after evaluate_swaps)
    000   1056648    0    0    0     0    0  0   0  0.0000     0    0  0.0000     0   0  00.0   0           105
    001   1057424   56  385  441   442    0  0   0  0.0000     0    0  0.0000     0   0  00.1   0            37
    002   1057573   19  130  149   150    0  0   0  0.0000     0    0  0.0000     0   0  00.2   0            16
    003   1057631   11   17   28    29    0  0   0  0.0000     0    0  0.0000     0   0  00.2   0             2
    004   1057636    4    0    4     5    0  0   0  0.0000     0    0  0.0000     0   0  00.2   0             0
    005   1057636    0    0    0     0    0  0   0  0.0000     0    0  0.0000     0   0  00.2   0             0
Iteration 5/5  (Frank–Wolfe steps this iteration: 10)
%
% Frank-Wolfe updates:
%  iter    vertex   simplex   tMin   tMatch
     00   1057636   1057636   00.0   00.0
     01   1057636   1059234   00.0   01.8
     02   1057636   1059504   00.1   01.8
     03   1056482   1059603   00.1   01.9
     04   1056970   1059662   00.2   01.7
     05   1056482   1059694   00.2   02.2
     06   1056778   1059719   00.2   01.4
     07   1056495   1059737   00.3   01.2
     08   1056713   1059752   00.3   01.3
     09   1056463   1059764   00.3   01.5
     10   1056782   1059773   00.4   01.6
%
% Pairwise swaps:
%  iter     score  acc rej prb ilop  str tn stl   dmin    bk kEff  ratio   bsz fbf  tMin tMatch      dMax
%           (acc=accepts rej=probes-acc prb=inner trials str=streak@make_swaps tn=tighten stl=stale_shrink dmin=swap_d_min_ratio bk=beam_k kEff/ratio/bsz/fbf=beam; dMax after evaluate_swaps)
    000   1056782    0    0    0     0    0  0   0  0.0000     0    0  0.0000     0   0  00.0   0            82
    001   1057450   61  360  421   422    0  0   0  0.0000     0    0  0.0000     0   0  00.1   0            25
    002   1057597   22   93  115   116    0  0   0  0.0000     0    0  0.0000     0   0  00.2   0             6
    003   1057628    9   18   27    28    0  0   0  0.0000     0    0  0.0000     0   0  00.2   0             3
    004   1057633    3    4    7     8    0  0   0  0.0000     0    0  0.0000     0   0  00.2   0             0
    005   1057633    0    0    0     0    0  0   0  0.0000     0    0  0.0000     0   0  00.2   0             0
%
% Total elapsed time is 2.9 minutes.

[profile] ===== Timing Summary =====
[profile] scope                                       count     total(s)      avg(ms)      max(ms)
[profile] main_acdc.iteration.frank_wolfe                 5       89.425    17885.045    21143.936
[profile] frank_wolfe.total                               5       89.425    17885.044    21143.936
[profile] main_acdc.iteration.greedy_search               5       85.456    17091.207    30423.265
[profile] greedy_search.total                             5       85.456    17091.205    30423.263
[profile] greedy_search.make_swaps                       23       68.860     2993.904    21026.851
[profile] make_swaps.total                               23       68.860     2993.903    21026.850
[profile] make_swaps.fast.body.total                     23       68.860     2993.901    21026.849
[profile] make_swaps.fast.inner_while.total              23       68.050     2958.689    20997.292
[profile] make_swaps.fast.find_best                    4989       55.867       11.198       74.118
[profile] compute_gradient.total                        128       53.261      416.098      676.020
[profile] frank_wolfe.iter.match_direction               50       47.205      944.094     1507.884
[profile] permutation_match.warm.total                   50       47.205      944.092     1507.882
[profile] permutation_match.warm.solve                   50       37.060      741.196     1130.255
[profile] compute_gradient.accumulate                   128       37.048      289.440      436.054
[profile] permutation_match.warm.exact_lapjv.total       50       30.494      609.889      987.080
[profile] permutation_match.assignment.augment           50       30.494      609.877      987.051
[profile] frank_wolfe.iter.compute_gradient              50       21.147      422.935      676.021
[profile] frank_wolfe.iter.compute_gradient_q            50       20.139      402.786      593.637
[profile] greedy_search.evaluate_swaps                   28       16.535      590.550      725.839
[profile] evaluate_swaps.total                           28       16.535      590.548      725.837
[profile] compute_gradient.merge                        128       15.738      122.951      235.582
[profile] evaluate_swaps.gradient                        28       11.975      427.664      533.559
[profile] make_swaps.fast.refresh_ap_pb                 821       11.649       14.189       46.288
[profile] permutation_match.warm.diagonal_adjust         50        5.611      112.220      224.803
[profile] permutation_match.warm.to_cost                 50        4.999       99.982      143.971
[profile] permutation_match.warm.permute                 50        4.521       90.412      152.515
[profile] evaluate_swaps.stream_D_perm                   28        3.482      124.357      179.761
[profile] evaluate_swaps.stream_D_perm.fill              28        3.176      113.443      163.513
[profile] evaluate_swaps.quadratic_prep                  28        0.889       31.749       41.679
[profile] compute_score.total                            61        0.684       11.217       22.019
[profile] compute_score.permutation_products             61        0.591        9.685       18.835
[profile] evaluate_swaps.quadratic_prep.csr              28        0.567       20.268       26.550
[profile] frank_wolfe.iter.compute_score_pm              50        0.563       11.254       22.020
[profile] make_swaps.fast.initial_csr.total              23        0.457       19.852       42.897
[profile] compute_gradient.transpose                    128        0.441        3.445        6.480
[profile] evaluate_swaps.quadratic_prep.bp               28        0.311       11.100       17.540
[profile] evaluate_swaps.max_scan                        28        0.305       10.907       16.237
[profile] make_swaps.fast.initial_ap_pb.total            23        0.254       11.028       24.769
[profile] make_swaps.fast.swap_score                   4966        0.218        0.044        1.651
[profile] main_acdc.load_connectomes                      1        0.196      196.388      196.388
[profile] read_connectome.total                           2        0.196       98.191      127.725
[profile] read_connectome.parse_csv                       2        0.187       93.503      121.728
[profile] make_swaps.fast.build_swapped_sparse          821        0.132        0.161        0.753
[profile] compute_score.sparse_reduce                    84        0.097        1.158       10.314
[profile] frank_wolfe.initial_score                       5        0.061       12.187       15.539
[profile] greedy_search.initial_score                     5        0.048        9.641       10.681
[profile] permutation_match.cold.total                   55        0.038        0.692        1.306
[profile] frank_wolfe.iter.project_match                 50        0.036        0.718        1.352
[profile] permutation_match.cold.solve                   55        0.035        0.638        1.205
[profile] permutation_match.assignment.sort_sparse_edges       55        0.031        0.565        1.095
[profile] main_acdc.final_score                           1        0.012       12.417       12.417
[profile] frank_wolfe.iter.step_numer                    50        0.012        0.242        0.603
[profile] read_connectome.build_sparse                    2        0.009        4.579        5.937
[profile] frank_wolfe.iter.update_ps                     50        0.009        0.180        0.375
[profile] frank_wolfe.iter.compute_score_ps              50        0.005        0.106        0.175
[profile] permutation_match.warm.unpermute               50        0.005        0.099        0.214
[profile] permutation_match.warm.to_dense                50        0.004        0.071        0.108
[profile] frank_wolfe.initial_match                       5        0.003        0.602        1.047
[profile] evaluate_swaps.linear_reduce                   28        0.003        0.102        0.147
[profile] frank_wolfe.iter.interpolate                   50        0.003        0.055        0.105
[profile] main_acdc.save_solution                         1        0.002        2.199        2.199
[profile] permutation_match.assignment.collect_sparse_edges       55        0.002        0.039        0.077
[profile] save_solution.total                             1        0.002        1.914        1.914
[profile] save_solution.write_rows                        1        0.002        1.575        1.575
[profile] main_acdc.ensure_size                           1        0.002        1.567        1.567
[profile] ensure_size.total                               3        0.001        0.469        1.054
[profile] main_acdc.load_solution                         1        0.001        1.157        1.157
[profile] read_solution.total                             1        0.001        1.156        1.156
[profile] read_solution.parse_pairs                       1        0.001        0.991        0.991
[profile] permutation_match.assignment.greedy_sparse_match       55        0.001        0.011        0.018
[profile] permutation_match.assignment.complete_zero_pairs       55        0.000        0.005        0.009
[profile] permutation_match.assignment.extract           50        0.000        0.001        0.002
[profile] read_solution.build_sparse                      1        0.000        0.055        0.055
[profile] read_solution.build_triplets                    1        0.000        0.043        0.043
[profile] paired_unshuffle_permutation.total              1        0.000        0.012        0.012
[profile] evaluate_swaps.stream_D_perm.resize_D          28        0.000        0.000        0.001
[profile] frank_wolfe.iter.compute_step                  50        0.000        0.000        0.000
[profile] ============================
